---
source: consensus/config/tests/parameters_test.rs
expression: parameters
---
dag_state_cached_rounds: 100
leader_timeout:
  secs: 0
  nanos: 250000000
min_round_delay:
  secs: 0
  nanos: 50000000
max_forward_time_drift:
  secs: 0
  nanos: 500000000
db_path: ~
anemo:
  excessive_message_size: 8388608
tonic:
  keepalive_interval:
    secs: 10
    nanos: 0
  message_size_limit: 8388608
